{
  "RSpecTracer": {
    "coverage": {
      "app/channels/application_cable/channel.rb": [
        1,
        1,
        null,
        null
      ],
      "app/channels/comments_channel.rb": [
        null,
        null,
        1,
        1,
        5,
        5,
        4,
        null,
        1,
        null,
        null,
        null,
        1,
        2,
        null,
        null
      ],
      "app/controllers/application_controller.rb": [
        null,
        null,
        1,
        1,
        null
      ],
      "app/controllers/categories_controller.rb": [
        null,
        null,
        1,
        1,
        null,
        1,
        3,
        null,
        null,
        1,
        5,
        null,
        null,
        1,
        null,
        1,
        6,
        null,
        null
      ],
      "app/controllers/comments_controller.rb": [
        null,
        null,
        1,
        1,
        null,
        1,
        4,
        null,
        null,
        1,
        5,
        null,
        5,
        3,
        3,
        null,
        2,
        null,
        null,
        null,
        null,
        1,
        2,
        2,
        2,
        null,
        null,
        1,
        null,
        1,
        12,
        null,
        null,
        1,
        5,
        null,
        null
      ],
      "app/controllers/posts_controller.rb": [
        null,
        null,
        1,
        1,
        null,
        1,
        7,
        7,
        7,
        null,
        7,
        7,
        9,
        null,
        null,
        null,
        1,
        8,
        8,
        9,
        null,
        null,
        null,
        1,
        2,
        null,
        null,
        1,
        7,
        null,
        7,
        5,
        5,
        null,
        2,
        null,
        null,
        null,
        1,
        null,
        1,
        3,
        2,
        null,
        1,
        null,
        null,
        null,
        1,
        2,
        2,
        null,
        null,
        1,
        3,
        2,
        null,
        1,
        null,
        null,
        null,
        1,
        null,
        1,
        18,
        null,
        null,
        1,
        10,
        null,
        null
      ],
      "app/controllers/users_controller.rb": [
        null,
        null,
        1,
        1,
        null,
        1,
        4,
        null,
        null,
        1,
        4,
        null,
        null,
        1,
        2,
        null,
        null,
        1,
        6,
        null,
        6,
        3,
        null,
        3,
        null,
        null,
        null,
        1,
        null,
        1,
        4,
        2,
        null,
        2,
        null,
        null,
        null,
        1,
        4,
        4,
        null,
        null,
        1,
        null,
        1,
        15,
        null,
        null,
        1,
        10,
        null,
        null
      ],
      "app/helpers/application_helper.rb": [
        null,
        null,
        1,
        1,
        3,
        null,
        null,
        null,
        null,
        1,
        4,
        2,
        1,
        1,
        null,
        null,
        null
      ],
      "app/helpers/categories_helper.rb": [
        null,
        null,
        1,
        1,
        2,
        null,
        null
      ],
      "app/helpers/comments_helper.rb": [
        null,
        null,
        1,
        1,
        3,
        3,
        null,
        2,
        1,
        null,
        1,
        null,
        null,
        null,
        1,
        2,
        null,
        null
      ],
      "app/helpers/posts_helper.rb": [
        null,
        null,
        1,
        1,
        4,
        null,
        3,
        null,
        null,
        1,
        5,
        5,
        null,
        null,
        1,
        4,
        null,
        3,
        3,
        null,
        null
      ],
      "app/helpers/users_helper.rb": [
        null,
        null,
        1,
        1,
        6,
        null,
        5,
        5,
        null,
        null,
        1,
        3,
        null,
        null,
        1,
        3,
        2,
        null,
        1,
        null,
        null,
        null
      ],
      "app/jobs/application_job.rb": [
        1,
        null,
        null,
        null,
        null,
        null,
        null
      ],
      "app/jobs/post_publish_job.rb": [
        null,
        null,
        1,
        1,
        null,
        1,
        null,
        1,
        4,
        3,
        null,
        null
      ],
      "app/mailers/application_mailer.rb": [
        1,
        1,
        1,
        null
      ],
      "app/mailers/post_mailer.rb": [
        null,
        null,
        1,
        1,
        null,
        1,
        6,
        6,
        6,
        null,
        6,
        null,
        null,
        null,
        null,
        null,
        1,
        4,
        4,
        null,
        4,
        null,
        null,
        null,
        null,
        null
      ],
      "app/models/application_record.rb": [
        1,
        1,
        null
      ],
      "app/models/category.rb": [
        null,
        null,
        1,
        1,
        null,
        1,
        null,
        1,
        null,
        null,
        1,
        null,
        11,
        3,
        null,
        1,
        10,
        null,
        null,
        1,
        5,
        null,
        null,
        1,
        null,
        1,
        40,
        32,
        null,
        30,
        null,
        null
      ],
      "app/models/comment.rb": [
        null,
        null,
        1,
        1,
        1,
        null,
        1,
        null,
        6,
        2,
        null,
        1,
        null,
        1,
        42,
        null,
        6,
        null,
        null,
        1,
        null,
        1,
        34,
        null,
        null,
        null,
        null,
        null,
        null
      ],
      "app/models/post.rb": [
        null,
        null,
        1,
        1,
        1,
        1,
        1,
        null,
        1,
        1,
        null,
        null,
        1,
        null,
        17,
        3,
        22,
        4,
        null,
        1,
        52,
        null,
        null,
        1,
        4,
        null,
        null,
        1,
        9,
        null,
        6,
        null,
        null,
        1,
        2,
        null,
        1,
        null,
        null,
        1,
        14,
        null,
        null,
        1,
        102,
        null,
        null,
        1,
        null,
        1,
        145,
        125,
        null,
        121,
        121,
        121,
        121,
        4,
        4,
        null,
        121,
        null,
        null
      ],
      "app/models/user.rb": [
        null,
        null,
        1,
        1,
        null,
        1,
        1,
        null,
        1,
        1,
        null,
        null,
        1,
        null,
        1,
        null,
        3,
        2,
        6,
        null,
        1,
        4,
        null,
        2,
        null,
        null,
        1,
        14,
        null,
        null,
        1,
        10,
        null,
        null,
        1,
        119,
        null,
        null,
        1,
        43,
        null,
        null,
        1,
        null,
        1,
        214,
        null,
        null
      ],
      "app/services/editorial_checker.rb": [
        null,
        null,
        null,
        null,
        1,
        1,
        1,
        null,
        1,
        37,
        null,
        null,
        1,
        17,
        17,
        null,
        null,
        1,
        5,
        null,
        null,
        1,
        4,
        null,
        null,
        1,
        5,
        null,
        3,
        9,
        null,
        null,
        1,
        3,
        3,
        3,
        2,
        null,
        1,
        null,
        null,
        1,
        2,
        null,
        null,
        null,
        null,
        null,
        null,
        null,
        null
      ],
      "app/services/feature_flags.rb": [
        null,
        null,
        null,
        null,
        1,
        1,
        null,
        1,
        32,
        null,
        null,
        1,
        16,
        16,
        null,
        null,
        1,
        4,
        null,
        null,
        1,
        1,
        null,
        null,
        1,
        1,
        null,
        null,
        1,
        4,
        null,
        null,
        1,
        3,
        null,
        null,
        null,
        null,
        null,
        1,
        5,
        null,
        3,
        null,
        null
      ],
      "config/app_constants.rb": [
        null,
        null,
        null,
        null,
        null,
        null,
        null,
        1,
        1,
        null,
        1,
        1,
        null,
        1,
        null,
        1,
        null,
        null,
        null,
        null,
        null,
        1,
        null,
        null,
        null,
        null
      ]
    },
    "timestamp": 0
  }
}
